// Jest Snapshot v1, https://goo.gl/fbAQLP

exports[`Instructions snapshot should match snapshot 1`] = `
ShallowWrapper {
  Symbol(enzyme.__root__): [Circular],
  Symbol(enzyme.__unrendered__): <Instructions />,
  Symbol(enzyme.__renderer__): Object {
    "batchedUpdates": [Function],
    "checkPropTypes": [Function],
    "getNode": [Function],
    "render": [Function],
    "simulateError": [Function],
    "simulateEvent": [Function],
    "unmount": [Function],
  },
  Symbol(enzyme.__node__): Object {
    "instance": null,
    "key": undefined,
    "nodeType": "host",
    "props": Object {
      "children": Array [
        <p>
          Type in the name of your favorite band above.
        </p>,
        <p>
          Submit to find similar bands and descriptions of that band.
        </p>,
        <p>
          Click on any result to search for events that may be of interest.
        </p>,
      ],
      "className": "instructions",
    },
    "ref": null,
    "rendered": Array [
      Object {
        "instance": null,
        "key": undefined,
        "nodeType": "host",
        "props": Object {
          "children": "Type in the name of your favorite band above.",
        },
        "ref": null,
        "rendered": "Type in the name of your favorite band above.",
        "type": "p",
      },
      Object {
        "instance": null,
        "key": undefined,
        "nodeType": "host",
        "props": Object {
          "children": "Submit to find similar bands and descriptions of that band.",
        },
        "ref": null,
        "rendered": "Submit to find similar bands and descriptions of that band.",
        "type": "p",
      },
      Object {
        "instance": null,
        "key": undefined,
        "nodeType": "host",
        "props": Object {
          "children": "Click on any result to search for events that may be of interest.",
        },
        "ref": null,
        "rendered": "Click on any result to search for events that may be of interest.",
        "type": "p",
      },
    ],
    "type": "div",
  },
  Symbol(enzyme.__nodes__): Array [
    Object {
      "instance": null,
      "key": undefined,
      "nodeType": "host",
      "props": Object {
        "children": Array [
          <p>
            Type in the name of your favorite band above.
          </p>,
          <p>
            Submit to find similar bands and descriptions of that band.
          </p>,
          <p>
            Click on any result to search for events that may be of interest.
          </p>,
        ],
        "className": "instructions",
      },
      "ref": null,
      "rendered": Array [
        Object {
          "instance": null,
          "key": undefined,
          "nodeType": "host",
          "props": Object {
            "children": "Type in the name of your favorite band above.",
          },
          "ref": null,
          "rendered": "Type in the name of your favorite band above.",
          "type": "p",
        },
        Object {
          "instance": null,
          "key": undefined,
          "nodeType": "host",
          "props": Object {
            "children": "Submit to find similar bands and descriptions of that band.",
          },
          "ref": null,
          "rendered": "Submit to find similar bands and descriptions of that band.",
          "type": "p",
        },
        Object {
          "instance": null,
          "key": undefined,
          "nodeType": "host",
          "props": Object {
            "children": "Click on any result to search for events that may be of interest.",
          },
          "ref": null,
          "rendered": "Click on any result to search for events that may be of interest.",
          "type": "p",
        },
      ],
      "type": "div",
    },
  ],
  Symbol(enzyme.__options__): Object {
    "adapter": ReactSixteenAdapter {
      "options": Object {
        "enableComponentDidUpdateOnSetState": true,
        "legacyContextMode": "parent",
        "lifecycles": Object {
          "componentDidUpdate": Object {
            "onSetState": true,
          },
          "getChildContext": Object {
            "calledByRenderer": false,
          },
          "getDerivedStateFromError": true,
          "getDerivedStateFromProps": Object {
            "hasShouldComponentUpdateBug": false,
          },
          "getSnapshotBeforeUpdate": true,
          "setState": Object {
            "skipsComponentDidUpdateOnNullish": true,
          },
        },
      },
    },
  },
}
`;
